// Jest Snapshot v1, https://goo.gl/fbAQLP

exports[`Should render Admin by mount 1`] = `
<div>
  <p>
    Admin
  </p>
</div>
`;

exports[`Should render Admin by render 1`] = `
<div>
  <p>
    Admin
  </p>
</div>
`;

exports[`Should render Admin by shalow 1`] = `
<div>
  <p>
    Admin
  </p>
</div>
`;
